▲ Next.js 16.2.12 (Turbopack)
- Environments: .env.local

  Creating an optimized production build ...
✓ Compiled successfully in 11.9s
  Running TypeScript ...
  Finished TypeScript in 10.4s ...
  Collecting page data using 3 workers ...
  Generating static pages using 3 workers (0/4) ...
  Generating static pages using 3 workers (1/4) 
  Generating static pages using 3 workers (2/4) 
  Generating static pages using 3 workers (3/4) 
✓ Generating static pages using 3 workers (4/4) in 410ms
  Finalizing page optimization ...

Route (app)
┌ ○ /
├ ○ /_not-found
└ ○ /dashboard


○  (Static)  prerendered as static content

